apiVersion: v1
kind: Namespace
metadata:
  annotations: {}
  labels:
    name: openshift-networking
  name: openshift-networking
