apiVersion: redhatcop.redhat.io/v1alpha1
kind: Patch
metadata:
  annotations:
    argocd.argoproj.io/sync-options: SkipDryRunOnMissingResource=true
  labels:
    name: openshift-multus-ip-reconciler-c6a5ed1ce17737d
  name: openshift-multus-ip-reconciler-c6a5ed1ce17737d
  namespace: syn-patch-operator
spec:
  patches:
    openshift-multus-ip-reconciler-c6a5ed1ce17737d-patch:
      patchTemplate: |-
        "spec":
          "jobTemplate":
            "spec":
              "template":
                "spec":
                  "nodeSelector":
                    "node-role.kubernetes.io/infra": ""
      patchType: application/strategic-merge-patch+json
      targetObjectRef:
        apiVersion: batch/v1
        kind: CronJob
        name: ip-reconciler
        namespace: openshift-multus
  serviceAccountRef:
    name: patch-sa
